// Jest Snapshot v1, https://goo.gl/fbAQLP

exports[`Home renders a heading 1`] = `
<div>
  <h1
    class="title"
  >
    ここは彼方花雪の
    <br />
    秘密箱です。
  </h1>
  <p
    class="description"
  >
    彼方花雪(かなた はなゆき、카나타 하나유키) 라는 
    <br />
    VRC 유저의 개인 블로그 입니다.
  </p>
  <p
    class="description"
  >
    好きな曲 ↓
  </p>
  <div
    class="video-container"
  >
    <iframe
      allow="accelerometer; autoplay; clipboard-write; encrypted-media; gyroscope; picture-in-picture"
      allowfullscreen=""
      frameborder="0"
      height="315"
      src="https://www.youtube.com/embed/2b1IexhKPz4"
      title="YouTube video player"
      width="560"
    />
  </div>
</div>
`;
